[{"name":"list4 ","created":1783626410273,"edited":1783626410273,"count":3,"id":4,"list":["thing 1","thing 2","thing 3"]},{"name":"list5 ","created":1783626410273,"edited":1783626410273,"count":3,"id":4,"list":["thing 1","thing 2","thing 3"]},{"name":"list 3","created":1778251875567,"edited":1778251875567,"count":10,"id":3,"list":["thing 1","thing 2","thing 3","thing 4","thing 5","thing 6","thing 7","thing 8","thing 9"]}]